---
source: crates/tm-exec/tests/path_graphs.rs
expression: "report.join(\"\\n\")"
---
now / pred out: SCAN r VIRTUAL TABLE INDEX 1: | SEARCH t USING COVERING INDEX hist_spo (s=? AND p=?) | SEARCH m EXISTS USING COVERING INDEX live_osp (o=? AND s=? AND p=? AND t_ret=?) | LIST SUBQUERY 1 | SCAN rarray VIRTUAL TABLE INDEX 1:
now / pred in: SCAN r VIRTUAL TABLE INDEX 1: | SEARCH t USING COVERING INDEX hist_pos (p=? AND o=?) | SEARCH m EXISTS USING COVERING INDEX live_osp (o=? AND s=? AND p=? AND t_ret=?) | LIST SUBQUERY 1 | SCAN rarray VIRTUAL TABLE INDEX 1:
now / any out: SCAN r VIRTUAL TABLE INDEX 1: | SEARCH t USING COVERING INDEX live_spo (s=?) | SEARCH m EXISTS USING COVERING INDEX live_osp (o=? AND s=? AND p=? AND t_ret=?) | LIST SUBQUERY 1 | SCAN rarray VIRTUAL TABLE INDEX 1:
now / any in: SCAN r VIRTUAL TABLE INDEX 1: | SEARCH t USING COVERING INDEX live_osp (o=?) | SEARCH m EXISTS USING COVERING INDEX live_osp (o=? AND s=? AND p=? AND t_ret=?) | LIST SUBQUERY 1 | SCAN rarray VIRTUAL TABLE INDEX 1:
now / subject out: SCAN r VIRTUAL TABLE INDEX 1: | SEARCH t USING INTEGER PRIMARY KEY (rowid=?) | SEARCH m EXISTS USING COVERING INDEX live_spo (s=? AND p=? AND o=? AND t_ret=?) | LIST SUBQUERY 1 | SCAN rarray VIRTUAL TABLE INDEX 1:
now / subject in: SCAN r VIRTUAL TABLE INDEX 1: | SEARCH t USING COVERING INDEX live_spo (s=?) | SEARCH m EXISTS USING COVERING INDEX live_osp (o=? AND s=? AND p=? AND t_ret=?) | LIST SUBQUERY 1 | SCAN rarray VIRTUAL TABLE INDEX 1:
asof / pred out: SCAN r VIRTUAL TABLE INDEX 1: | SEARCH t USING COVERING INDEX hist_spo (s=? AND p=?) | SEARCH m EXISTS USING COVERING INDEX hist_osp (o=? AND s=? AND p=? AND t_add<?) | LIST SUBQUERY 1 | SCAN rarray VIRTUAL TABLE INDEX 1:
asof / pred in: SCAN r VIRTUAL TABLE INDEX 1: | SEARCH t USING COVERING INDEX hist_pos (p=? AND o=?) | SEARCH m EXISTS USING COVERING INDEX hist_osp (o=? AND s=? AND p=? AND t_add<?) | LIST SUBQUERY 1 | SCAN rarray VIRTUAL TABLE INDEX 1:
asof / any out: SCAN r VIRTUAL TABLE INDEX 1: | SEARCH t USING COVERING INDEX hist_spo (s=?) | SEARCH m EXISTS USING COVERING INDEX hist_osp (o=? AND s=? AND p=? AND t_add<?) | LIST SUBQUERY 1 | SCAN rarray VIRTUAL TABLE INDEX 1:
asof / any in: SCAN r VIRTUAL TABLE INDEX 1: | SEARCH t USING COVERING INDEX hist_osp (o=?) | SEARCH m EXISTS USING COVERING INDEX hist_osp (o=? AND s=? AND p=? AND t_add<?) | LIST SUBQUERY 1 | SCAN rarray VIRTUAL TABLE INDEX 1:
asof / subject out: SCAN r VIRTUAL TABLE INDEX 1: | SEARCH t USING INTEGER PRIMARY KEY (rowid=?) | SEARCH m EXISTS USING COVERING INDEX hist_spo (s=? AND p=? AND o=? AND t_add<?) | LIST SUBQUERY 1 | SCAN rarray VIRTUAL TABLE INDEX 1:
asof / subject in: SCAN r VIRTUAL TABLE INDEX 1: | SEARCH t USING COVERING INDEX hist_spo (s=?) | SEARCH m EXISTS USING COVERING INDEX hist_osp (o=? AND s=? AND p=? AND t_add<?) | LIST SUBQUERY 1 | SCAN rarray VIRTUAL TABLE INDEX 1:
history / pred out: SCAN r VIRTUAL TABLE INDEX 1: | SEARCH t USING COVERING INDEX hist_spo (s=? AND p=?) | SEARCH m EXISTS USING COVERING INDEX hist_pos (p=? AND o=? AND s=?) | LIST SUBQUERY 1 | SCAN rarray VIRTUAL TABLE INDEX 1:
history / pred in: SCAN r VIRTUAL TABLE INDEX 1: | SEARCH t USING COVERING INDEX hist_pos (p=? AND o=?) | SEARCH m EXISTS USING COVERING INDEX hist_pos (p=? AND o=? AND s=?) | LIST SUBQUERY 1 | SCAN rarray VIRTUAL TABLE INDEX 1:
history / any out: SCAN r VIRTUAL TABLE INDEX 1: | SEARCH t USING COVERING INDEX hist_spo (s=?) | SEARCH m EXISTS USING COVERING INDEX hist_pos (p=? AND o=? AND s=?) | LIST SUBQUERY 1 | SCAN rarray VIRTUAL TABLE INDEX 1:
history / any in: SCAN r VIRTUAL TABLE INDEX 1: | SEARCH t USING COVERING INDEX hist_osp (o=?) | SEARCH m EXISTS USING COVERING INDEX hist_pos (p=? AND o=? AND s=?) | LIST SUBQUERY 1 | SCAN rarray VIRTUAL TABLE INDEX 1:
history / subject out: SCAN r VIRTUAL TABLE INDEX 1: | SEARCH t USING INTEGER PRIMARY KEY (rowid=?) | SEARCH m EXISTS USING COVERING INDEX hist_spo (s=? AND p=? AND o=?) | LIST SUBQUERY 1 | SCAN rarray VIRTUAL TABLE INDEX 1:
history / subject in: SCAN r VIRTUAL TABLE INDEX 1: | SEARCH t USING COVERING INDEX hist_spo (s=?) | SEARCH m EXISTS USING COVERING INDEX hist_pos (p=? AND o=? AND s=?) | LIST SUBQUERY 1 | SCAN rarray VIRTUAL TABLE INDEX 1:
