---
source: crates/tm-exec/tests/path_fetch.rs
expression: "report.join(\"\\n\")"
---
now / pred out: SCAN r VIRTUAL TABLE INDEX 1: | SEARCH t USING COVERING INDEX hist_spo (s=? AND p=?)
now / pred in: SCAN r VIRTUAL TABLE INDEX 1: | SEARCH t USING COVERING INDEX hist_pos (p=? AND o=?)
now / any out: SCAN r VIRTUAL TABLE INDEX 1: | SEARCH t USING COVERING INDEX live_spo (s=?)
now / any in: SCAN r VIRTUAL TABLE INDEX 1: | SEARCH t USING COVERING INDEX live_osp (o=?)
now / subject out: SCAN r VIRTUAL TABLE INDEX 1: | SEARCH t USING INTEGER PRIMARY KEY (rowid=?)
now / object out: SCAN r VIRTUAL TABLE INDEX 1: | SEARCH t USING INTEGER PRIMARY KEY (rowid=?)
now / predicate out: SCAN r VIRTUAL TABLE INDEX 1: | SEARCH t USING INTEGER PRIMARY KEY (rowid=?)
now / subject in: SCAN r VIRTUAL TABLE INDEX 1: | SEARCH t USING COVERING INDEX live_spo (s=?)
now / object in: SCAN r VIRTUAL TABLE INDEX 1: | SEARCH t USING COVERING INDEX live_osp (o=?)
now / predicate in: SCAN r VIRTUAL TABLE INDEX 1: | SEARCH t USING COVERING INDEX live_pos (p=?)
asof / pred out: SCAN r VIRTUAL TABLE INDEX 1: | SEARCH t USING COVERING INDEX hist_spo (s=? AND p=?)
asof / pred in: SCAN r VIRTUAL TABLE INDEX 1: | SEARCH t USING COVERING INDEX hist_pos (p=? AND o=?)
asof / any out: SCAN r VIRTUAL TABLE INDEX 1: | SEARCH t USING COVERING INDEX hist_spo (s=?)
asof / any in: SCAN r VIRTUAL TABLE INDEX 1: | SEARCH t USING COVERING INDEX hist_osp (o=?)
asof / subject out: SCAN r VIRTUAL TABLE INDEX 1: | SEARCH t USING INTEGER PRIMARY KEY (rowid=?)
asof / object out: SCAN r VIRTUAL TABLE INDEX 1: | SEARCH t USING INTEGER PRIMARY KEY (rowid=?)
asof / predicate out: SCAN r VIRTUAL TABLE INDEX 1: | SEARCH t USING INTEGER PRIMARY KEY (rowid=?)
asof / subject in: SCAN r VIRTUAL TABLE INDEX 1: | SEARCH t USING COVERING INDEX hist_spo (s=?)
asof / object in: SCAN r VIRTUAL TABLE INDEX 1: | SEARCH t USING COVERING INDEX hist_osp (o=?)
asof / predicate in: SCAN r VIRTUAL TABLE INDEX 1: | SEARCH t USING COVERING INDEX hist_pos (p=?)
history / pred out: SCAN r VIRTUAL TABLE INDEX 1: | SEARCH t USING COVERING INDEX hist_spo (s=? AND p=?)
history / pred in: SCAN r VIRTUAL TABLE INDEX 1: | SEARCH t USING COVERING INDEX hist_pos (p=? AND o=?)
history / any out: SCAN r VIRTUAL TABLE INDEX 1: | SEARCH t USING COVERING INDEX hist_spo (s=?)
history / any in: SCAN r VIRTUAL TABLE INDEX 1: | SEARCH t USING COVERING INDEX hist_osp (o=?)
history / subject out: SCAN r VIRTUAL TABLE INDEX 1: | SEARCH t USING INTEGER PRIMARY KEY (rowid=?)
history / object out: SCAN r VIRTUAL TABLE INDEX 1: | SEARCH t USING INTEGER PRIMARY KEY (rowid=?)
history / predicate out: SCAN r VIRTUAL TABLE INDEX 1: | SEARCH t USING INTEGER PRIMARY KEY (rowid=?)
history / subject in: SCAN r VIRTUAL TABLE INDEX 1: | SEARCH t USING COVERING INDEX hist_spo (s=?)
history / object in: SCAN r VIRTUAL TABLE INDEX 1: | SEARCH t USING COVERING INDEX hist_osp (o=?)
history / predicate in: SCAN r VIRTUAL TABLE INDEX 1: | SEARCH t USING COVERING INDEX hist_pos (p=?)
now+valid / pred out: SCAN r VIRTUAL TABLE INDEX 1: | SEARCH t USING COVERING INDEX hist_spo (s=? AND p=?)
now+valid / pred in: SCAN r VIRTUAL TABLE INDEX 1: | SEARCH t USING COVERING INDEX hist_pos (p=? AND o=?)
now+valid / any out: SCAN r VIRTUAL TABLE INDEX 1: | SEARCH t USING COVERING INDEX live_spo (s=?)
now+valid / any in: SCAN r VIRTUAL TABLE INDEX 1: | SEARCH t USING COVERING INDEX live_osp (o=?)
now+valid / subject out: SCAN r VIRTUAL TABLE INDEX 1: | SEARCH t USING INTEGER PRIMARY KEY (rowid=?)
now+valid / object out: SCAN r VIRTUAL TABLE INDEX 1: | SEARCH t USING INTEGER PRIMARY KEY (rowid=?)
now+valid / predicate out: SCAN r VIRTUAL TABLE INDEX 1: | SEARCH t USING INTEGER PRIMARY KEY (rowid=?)
now+valid / subject in: SCAN r VIRTUAL TABLE INDEX 1: | SEARCH t USING COVERING INDEX live_spo (s=?)
now+valid / object in: SCAN r VIRTUAL TABLE INDEX 1: | SEARCH t USING COVERING INDEX live_osp (o=?)
now+valid / predicate in: SCAN r VIRTUAL TABLE INDEX 1: | SEARCH t USING COVERING INDEX live_pos (p=?)
asof+valid / pred out: SCAN r VIRTUAL TABLE INDEX 1: | SEARCH t USING COVERING INDEX hist_spo (s=? AND p=?)
asof+valid / pred in: SCAN r VIRTUAL TABLE INDEX 1: | SEARCH t USING COVERING INDEX hist_pos (p=? AND o=?)
asof+valid / any out: SCAN r VIRTUAL TABLE INDEX 1: | SEARCH t USING COVERING INDEX hist_spo (s=?)
asof+valid / any in: SCAN r VIRTUAL TABLE INDEX 1: | SEARCH t USING COVERING INDEX hist_osp (o=?)
asof+valid / subject out: SCAN r VIRTUAL TABLE INDEX 1: | SEARCH t USING INTEGER PRIMARY KEY (rowid=?)
asof+valid / object out: SCAN r VIRTUAL TABLE INDEX 1: | SEARCH t USING INTEGER PRIMARY KEY (rowid=?)
asof+valid / predicate out: SCAN r VIRTUAL TABLE INDEX 1: | SEARCH t USING INTEGER PRIMARY KEY (rowid=?)
asof+valid / subject in: SCAN r VIRTUAL TABLE INDEX 1: | SEARCH t USING COVERING INDEX hist_spo (s=?)
asof+valid / object in: SCAN r VIRTUAL TABLE INDEX 1: | SEARCH t USING COVERING INDEX hist_osp (o=?)
asof+valid / predicate in: SCAN r VIRTUAL TABLE INDEX 1: | SEARCH t USING COVERING INDEX hist_pos (p=?)
history+valid / pred out: SCAN r VIRTUAL TABLE INDEX 1: | SEARCH t USING COVERING INDEX hist_spo (s=? AND p=?)
history+valid / pred in: SCAN r VIRTUAL TABLE INDEX 1: | SEARCH t USING COVERING INDEX hist_pos (p=? AND o=?)
history+valid / any out: SCAN r VIRTUAL TABLE INDEX 1: | SEARCH t USING COVERING INDEX hist_spo (s=?)
history+valid / any in: SCAN r VIRTUAL TABLE INDEX 1: | SEARCH t USING COVERING INDEX hist_osp (o=?)
history+valid / subject out: SCAN r VIRTUAL TABLE INDEX 1: | SEARCH t USING INTEGER PRIMARY KEY (rowid=?)
history+valid / object out: SCAN r VIRTUAL TABLE INDEX 1: | SEARCH t USING INTEGER PRIMARY KEY (rowid=?)
history+valid / predicate out: SCAN r VIRTUAL TABLE INDEX 1: | SEARCH t USING INTEGER PRIMARY KEY (rowid=?)
history+valid / subject in: SCAN r VIRTUAL TABLE INDEX 1: | SEARCH t USING COVERING INDEX hist_spo (s=?)
history+valid / object in: SCAN r VIRTUAL TABLE INDEX 1: | SEARCH t USING COVERING INDEX hist_osp (o=?)
history+valid / predicate in: SCAN r VIRTUAL TABLE INDEX 1: | SEARCH t USING COVERING INDEX hist_pos (p=?)
