---
source: crates/tm-exec/tests/path_graphs.rs
expression: "texts.join(\"\\n\")"
---
pred out: SELECT t.s, t.eid, t.o, t.p, t.v_from, t.v_to FROM rarray(?1) AS r CROSS JOIN triple AS t WHERE t.p = ?2 AND t.s = r.value AND t.t_ret IS NULL AND EXISTS (SELECT 1 FROM triple AS m WHERE m.s = t.eid AND m.p = ?3 AND m.o IN (SELECT value FROM rarray(?4)) AND m.t_ret IS NULL)
pred in: SELECT t.o, t.eid, t.s, t.p, t.v_from, t.v_to FROM rarray(?1) AS r CROSS JOIN triple AS t WHERE t.p = ?2 AND t.o = r.value AND t.t_ret IS NULL AND EXISTS (SELECT 1 FROM triple AS m WHERE m.s = t.eid AND m.p = ?3 AND m.o IN (SELECT value FROM rarray(?4)) AND m.t_ret IS NULL)
any out: SELECT t.s, t.eid, t.o, t.p, t.v_from, t.v_to FROM rarray(?1) AS r CROSS JOIN triple AS t WHERE t.s = r.value AND t.t_ret IS NULL AND EXISTS (SELECT 1 FROM triple AS m WHERE m.s = t.eid AND m.p = ?2 AND m.o IN (SELECT value FROM rarray(?3)) AND m.t_ret IS NULL)
any in: SELECT t.o, t.eid, t.s, t.p, t.v_from, t.v_to FROM rarray(?1) AS r CROSS JOIN triple AS t WHERE t.o = r.value AND t.t_ret IS NULL AND EXISTS (SELECT 1 FROM triple AS m WHERE m.s = t.eid AND m.p = ?2 AND m.o IN (SELECT value FROM rarray(?3)) AND m.t_ret IS NULL)
subject out: SELECT t.eid, t.eid, t.s, t.p, t.v_from, t.v_to FROM rarray(?1) AS r CROSS JOIN triple AS t WHERE t.eid = r.value AND t.t_ret IS NULL AND EXISTS (SELECT 1 FROM triple AS m WHERE m.s = t.eid AND m.p = ?2 AND m.o IN (SELECT value FROM rarray(?3)) AND m.t_ret IS NULL)
subject in: SELECT t.s, t.eid, t.eid, t.p, t.v_from, t.v_to FROM rarray(?1) AS r CROSS JOIN triple AS t WHERE t.s = r.value AND t.t_ret IS NULL AND EXISTS (SELECT 1 FROM triple AS m WHERE m.s = t.eid AND m.p = ?2 AND m.o IN (SELECT value FROM rarray(?3)) AND m.t_ret IS NULL)
