---
source: crates/tm-cypher/tests/golden_ir.rs
expression: "ir_of(\"MATCH (a)-[r:worksAt]->(b) RETURN r\")"
---
; RelIsomorphism Null3VL BagOfEids
(project [?x1 ?x2 ?x3]
  (join
    (project [?x1 ?x3 ?x2]
      (filter (not (isLiteral ?x2))
        (triple ?x1 <urn:tiramemsu:v:worksAt> ?x2 :view now :eid ?x3)))))
